// Jest Snapshot v1, https://goo.gl/fbAQLP

exports[`should take a snapshot 1`] = `
<button
  class="SocialButton"
  data-testid="socialButton"
  type="button"
>
  <img
    alt="test"
    src="/test"
  />
</button>
`;
