// Jest Snapshot v1, https://goo.gl/fbAQLP

exports[`should take a snapshot 1`] = `
<button
  class="Button"
  data-testid="button"
  type="button"
>
  test button
</button>
`;
