// Jest Snapshot v1, https://goo.gl/fbAQLP

exports[`should take a snapshot 1`] = `
<div
  class="Author"
  data-testid="author"
>
  <img
    alt="test"
    src="/test"
  />
  <h2
    data-testid="authorName"
  >
    test
  </h2>
</div>
`;
